// Jest Snapshot v1, https://goo.gl/fbAQLP

exports[`SubmitButton should render a SubmitButton match snapshot 1`] = `
<button
  class="submitButton"
  data-testid="submit-button"
  type="submit"
>
  Submit
</button>
`;
